<?xml version="1.0" encoding="utf-8"?>
<?AutomationStudio Version="4.12.3.127 SP"?>
<Objects>
  <Object
    Path="C:\Users\student\Documents\Noecker\Riesenrad_Noecker\Logical\Package.pkg"
    LogicalPath=""
    Type="Package.ParentUnknown"
    LastWriteTime="134073283041962214" />
  <Object
    Path="C:\Users\student\Documents\Noecker\Riesenrad_Noecker\Logical\Global.typ"
    LogicalPath="Global.typ"
    Type="File"
    LastWriteTime="134073268926168976"
    Private="false" />
  <Object
    Path="C:\Users\student\Documents\Noecker\Riesenrad_Noecker\Logical\Global.var"
    LogicalPath="Global.var"
    Type="File"
    LastWriteTime="134079559878616317"
    Private="false" />
  <Object
    Path="C:\Users\student\Documents\Noecker\Riesenrad_Noecker\Logical\Libraries\Package.pkg"
    LogicalPath="Libraries"
    Type="Package"
    LastWriteTime="134073289235474663" />
  <Object
    Path="C:\Users\student\Documents\Noecker\Riesenrad_Noecker\Logical\Libraries\operator\binary.lby"
    LogicalPath="Libraries.operator"
    Type="Library"
    LastWriteTime="134073268927573950" />
  <Object
    Path="C:\Users\student\Documents\Noecker\Riesenrad_Noecker\Logical\Libraries\operator\operator.fun"
    LogicalPath="Libraries.operator.operator.fun"
    Type="File"
    LastWriteTime="134073268927627469"
    Private="false" />
  <Object
    Path="C:\Users\student\Documents\Noecker\Riesenrad_Noecker\Logical\Libraries\operator\operator.typ"
    LogicalPath="Libraries.operator.operator.typ"
    Type="File"
    LastWriteTime="134073268927627469"
    Private="false" />
  <Object
    Path="C:\Users\student\Documents\Noecker\Riesenrad_Noecker\Logical\Libraries\operator\operator.var"
    LogicalPath="Libraries.operator.operator.var"
    Type="File"
    LastWriteTime="134073268927722552"
    Private="false" />
  <Object
    Path="C:\Users\student\Documents\Noecker\Riesenrad_Noecker\Logical\Libraries\runtime\binary.lby"
    LogicalPath="Libraries.runtime"
    Type="Library"
    LastWriteTime="134073268928048725" />
  <Object
    Path="C:\Users\student\Documents\Noecker\Riesenrad_Noecker\Logical\Libraries\runtime\runtime.fun"
    LogicalPath="Libraries.runtime.runtime.fun"
    Type="File"
    LastWriteTime="134073268928106225"
    Private="false" />
  <Object
    Path="C:\Users\student\Documents\Noecker\Riesenrad_Noecker\Logical\Libraries\runtime\runtime.typ"
    LogicalPath="Libraries.runtime.runtime.typ"
    Type="File"
    LastWriteTime="134073268928184775"
    Private="false" />
  <Object
    Path="C:\Users\student\Documents\Noecker\Riesenrad_Noecker\Logical\Libraries\runtime\runtime.var"
    LogicalPath="Libraries.runtime.runtime.var"
    Type="File"
    LastWriteTime="134073268928252020"
    Private="false" />
  <Object
    Path="C:\Users\student\Documents\Noecker\Riesenrad_Noecker\Logical\Libraries\astime\binary.lby"
    LogicalPath="Libraries.astime"
    Type="Library"
    LastWriteTime="134073268927258656" />
  <Object
    Path="C:\Users\student\Documents\Noecker\Riesenrad_Noecker\Logical\Libraries\astime\astime.fun"
    LogicalPath="Libraries.astime.astime.fun"
    Type="File"
    LastWriteTime="134073268927053231"
    Private="false" />
  <Object
    Path="C:\Users\student\Documents\Noecker\Riesenrad_Noecker\Logical\Libraries\astime\astime.typ"
    LogicalPath="Libraries.astime.astime.typ"
    Type="File"
    LastWriteTime="134073268927108523"
    Private="false" />
  <Object
    Path="C:\Users\student\Documents\Noecker\Riesenrad_Noecker\Logical\Libraries\astime\astime.var"
    LogicalPath="Libraries.astime.astime.var"
    Type="File"
    LastWriteTime="134073268927108523"
    Private="false" />
  <Object
    Path="C:\Users\student\Documents\Noecker\Riesenrad_Noecker\Logical\Libraries\AsIecCon\binary.lby"
    LogicalPath="Libraries.AsIecCon"
    Type="Library"
    LastWriteTime="134073268926754355" />
  <Object
    Path="C:\Users\student\Documents\Noecker\Riesenrad_Noecker\Logical\Libraries\AsIecCon\AsIecCon.fun"
    LogicalPath="Libraries.AsIecCon.AsIecCon.fun"
    Type="File"
    LastWriteTime="134073268926498072"
    Private="false" />
  <Object
    Path="C:\Users\student\Documents\Noecker\Riesenrad_Noecker\Logical\Libraries\AsIecCon\AsIecCon.typ"
    LogicalPath="Libraries.AsIecCon.AsIecCon.typ"
    Type="File"
    LastWriteTime="134073268926594453"
    Private="false" />
  <Object
    Path="C:\Users\student\Documents\Noecker\Riesenrad_Noecker\Logical\Libraries\AsIecCon\AsIecCon.var"
    LogicalPath="Libraries.AsIecCon.AsIecCon.var"
    Type="File"
    LastWriteTime="134073268926630462"
    Private="false" />
  <Object
    Path="C:\Users\student\Documents\Noecker\Riesenrad_Noecker\Logical\Libraries\standard\binary.lby"
    LogicalPath="Libraries.standard"
    Type="Library"
    LastWriteTime="134073289235413442" />
  <Object
    Path="C:\Users\student\Documents\Noecker\Riesenrad_Noecker\Logical\Libraries\standard\standard.fun"
    LogicalPath="Libraries.standard.standard.fun"
    Type="File"
    LastWriteTime="134073289235312383"
    Private="false" />
  <Object
    Path="C:\Users\student\Documents\Noecker\Riesenrad_Noecker\Logical\Libraries\standard\standard.typ"
    LogicalPath="Libraries.standard.standard.typ"
    Type="File"
    LastWriteTime="134073289235345018"
    Private="false" />
  <Object
    Path="C:\Users\student\Documents\Noecker\Riesenrad_Noecker\Logical\Libraries\standard\standard.var"
    LogicalPath="Libraries.standard.standard.var"
    Type="File"
    LastWriteTime="134073289235360752"
    Private="false" />
  <Object
    Path="C:\Users\student\Documents\Noecker\Riesenrad_Noecker\Logical\Program\IEC.prg"
    LogicalPath="Program"
    Type="Program"
    LastWriteTime="134073277626987800" />
  <Object
    Path="C:\Users\student\Documents\Noecker\Riesenrad_Noecker\Logical\Program\Cyclic.st"
    LogicalPath="Program.Cyclic.st"
    Type="File"
    LastWriteTime="134079601118795959"
    Private="false" />
  <Object
    Path="C:\Users\student\Documents\Noecker\Riesenrad_Noecker\Logical\Program\Init.st"
    LogicalPath="Program.Init.st"
    Type="File"
    LastWriteTime="134079583957930294"
    Private="false" />
  <Object
    Path="C:\Users\student\Documents\Noecker\Riesenrad_Noecker\Logical\Program\Exit.st"
    LogicalPath="Program.Exit.st"
    Type="File"
    LastWriteTime="134073268928613719"
    Private="false" />
  <Object
    Path="C:\Users\student\Documents\Noecker\Riesenrad_Noecker\Logical\Program\Types.typ"
    LogicalPath="Program.Types.typ"
    Type="File"
    LastWriteTime="134075189828116293"
    Private="true" />
  <Object
    Path="C:\Users\student\Documents\Noecker\Riesenrad_Noecker\Logical\Program\Variables.var"
    LogicalPath="Program.Variables.var"
    Type="File"
    LastWriteTime="134079565255791654"
    Private="true" />
  <Object
    Path="C:\Users\student\Documents\Noecker\Riesenrad_Noecker\Logical\Program\Drive.st"
    LogicalPath="Program.Drive.st"
    Type="File"
    LastWriteTime="134073278454025778"
    Private="false" />
  <Object
    Path="C:\Users\student\Documents\Noecker\Riesenrad_Noecker\Logical\Program\Display.st"
    LogicalPath="Program.Display.st"
    Type="File"
    LastWriteTime="134079599364097680"
    Private="false" />
  <Object
    Path="C:\Users\student\Documents\Noecker\Riesenrad_Noecker\Logical\Program\Safety.st"
    LogicalPath="Program.Safety.st"
    Type="File"
    LastWriteTime="134079588281324070"
    Private="false" />
  <Object
    Path="C:\Users\student\Documents\Noecker\Riesenrad_Noecker\Logical\Program\Setup.st"
    LogicalPath="Program.Setup.st"
    Type="File"
    LastWriteTime="134079569068830931"
    Private="false" />
  <Object
    Path="C:\Users\student\Documents\Noecker\Riesenrad_Noecker\Logical\Program\Automatic.st"
    LogicalPath="Program.Automatic.st"
    Type="File"
    LastWriteTime="134079571884565877"
    Private="false" />
  <Object
    Path="C:\Users\student\Documents\Noecker\Riesenrad_Noecker\Logical\Program\Manual.st"
    LogicalPath="Program.Manual.st"
    Type="File"
    LastWriteTime="134079568381447306"
    Private="false" />
  <Object
    Path="C:\Users\student\Documents\Noecker\Riesenrad_Noecker\Logical\Program\Lights.st"
    LogicalPath="Program.Lights.st"
    Type="File"
    LastWriteTime="134074167043940553"
    Private="false" />
  <Object
    Path="C:\Users\student\Documents\Noecker\Riesenrad_Noecker\Logical\Program\Visu.st"
    LogicalPath="Program.Visu.st"
    Type="File"
    LastWriteTime="134079568185615959"
    Private="false" />
  <Object
    Path="C:\Users\student\Documents\Noecker\Riesenrad_Noecker\Logical\mappView\Package.pkg"
    LogicalPath="mappView"
    Type="Package"
    LastWriteTime="134073283128496230" />
  <Object
    Path="C:\Users\student\Documents\Noecker\Riesenrad_Noecker\Logical\mappView\Layouts\Package.pkg"
    LogicalPath="mappView.Layouts"
    Type="Package"
    LastWriteTime="134073283041962214" />
  <Object
    Path="C:\Users\student\Documents\Noecker\Riesenrad_Noecker\Logical\mappView\Widgets\Package.pkg"
    LogicalPath="mappView.Widgets"
    Type="Package"
    LastWriteTime="134073283041962214" />
  <Object
    Path="C:\Users\student\Documents\Noecker\Riesenrad_Noecker\Logical\mappView\Resources\Package.pkg"
    LogicalPath="mappView.Resources"
    Type="Package"
    LastWriteTime="134073283041962214" />
  <Object
    Path="C:\Users\student\Documents\Noecker\Riesenrad_Noecker\Logical\mappView\Resources\Texts\Package.pkg"
    LogicalPath="mappView.Resources.Texts"
    Type="Package"
    LastWriteTime="134073283041962214" />
  <Object
    Path="C:\Users\student\Documents\Noecker\Riesenrad_Noecker\Logical\mappView\Resources\Snippets\Package.pkg"
    LogicalPath="mappView.Resources.Snippets"
    Type="Package"
    LastWriteTime="134073283041962214" />
  <Object
    Path="C:\Users\student\Documents\Noecker\Riesenrad_Noecker\Logical\mappView\Resources\Themes\Package.pkg"
    LogicalPath="mappView.Resources.Themes"
    Type="Package"
    LastWriteTime="134073283041962214" />
  <Object
    Path="C:\Users\student\Documents\Noecker\Riesenrad_Noecker\Logical\mappView\Resources\Media\Package.pkg"
    LogicalPath="mappView.Resources.Media"
    Type="Package"
    LastWriteTime="134078486838587603" />
  <Object
    Path="C:\Users\student\Documents\Noecker\Riesenrad_Noecker\Logical\mappView\Visualization\Package.pkg"
    LogicalPath="mappView.Visualization"
    Type="Package"
    LastWriteTime="134073283128496230" />
  <Object
    Path="C:\Users\student\Documents\Noecker\Riesenrad_Noecker\Logical\mappView\Visualization\Pages\Package.pkg"
    LogicalPath="mappView.Visualization.Pages"
    Type="Package"
    LastWriteTime="134073283471896834" />
  <Object
    Path="C:\Users\student\Documents\Noecker\Riesenrad_Noecker\Logical\mappView\Visualization\Pages\AreaContents\Package.pkg"
    LogicalPath="mappView.Visualization.Pages.AreaContents"
    Type="Package"
    LastWriteTime="134074058902547732" />
  <Object
    Path="C:\Users\student\Documents\Noecker\Riesenrad_Noecker\Logical\mappView\Visualization\Pages\AreaContents\Navigation.content"
    LogicalPath="mappView.Visualization.Pages.AreaContents.Navigation.content"
    Type="File"
    LastWriteTime="134074976072657000"
    Private="false" />
  <Object
    Path="C:\Users\student\Documents\Noecker\Riesenrad_Noecker\Logical\mappView\Visualization\Pages\AreaContents\Safety.content"
    LogicalPath="mappView.Visualization.Pages.AreaContents.Safety.content"
    Type="File"
    LastWriteTime="134078511503744577"
    Private="false" />
  <Object
    Path="C:\Users\student\Documents\Noecker\Riesenrad_Noecker\Logical\mappView\Visualization\Pages\AreaContents\Gondel.content"
    LogicalPath="mappView.Visualization.Pages.AreaContents.Gondel.content"
    Type="File"
    LastWriteTime="134079600854198675"
    Private="false" />
  <Object
    Path="C:\Users\student\Documents\Noecker\Riesenrad_Noecker\Logical\mappView\Visualization\Pages\AreaContents\Lights.content"
    LogicalPath="mappView.Visualization.Pages.AreaContents.Lights.content"
    Type="File"
    LastWriteTime="134079580837073566"
    Private="false" />
  <Object
    Path="C:\Users\student\Documents\Noecker\Riesenrad_Noecker\Logical\mappView\Visualization\Pages\Automatik\Package.pkg"
    LogicalPath="mappView.Visualization.Pages.Automatik"
    Type="Package"
    LastWriteTime="134073283832361908" />
  <Object
    Path="C:\Users\student\Documents\Noecker\Riesenrad_Noecker\Logical\mappView\Visualization\Pages\Automatik\Automatik.page"
    LogicalPath="mappView.Visualization.Pages.Automatik.Automatik.page"
    Type="File"
    LastWriteTime="134075000622706656"
    Private="false" />
  <Object
    Path="C:\Users\student\Documents\Noecker\Riesenrad_Noecker\Logical\mappView\Visualization\Pages\Automatik\Automatik.content"
    LogicalPath="mappView.Visualization.Pages.Automatik.Automatik.content"
    Type="File"
    LastWriteTime="134079596114841559"
    Private="false" />
  <Object
    Path="C:\Users\student\Documents\Noecker\Riesenrad_Noecker\Logical\mappView\Visualization\Pages\Handbetrieb\Package.pkg"
    LogicalPath="mappView.Visualization.Pages.Handbetrieb"
    Type="Package"
    LastWriteTime="134073283691296273" />
  <Object
    Path="C:\Users\student\Documents\Noecker\Riesenrad_Noecker\Logical\mappView\Visualization\Pages\Handbetrieb\Handbetrieb.page"
    LogicalPath="mappView.Visualization.Pages.Handbetrieb.Handbetrieb.page"
    Type="File"
    LastWriteTime="134075000705554840"
    Private="false" />
  <Object
    Path="C:\Users\student\Documents\Noecker\Riesenrad_Noecker\Logical\mappView\Visualization\Pages\Handbetrieb\Handbetrieb.content"
    LogicalPath="mappView.Visualization.Pages.Handbetrieb.Handbetrieb.content"
    Type="File"
    LastWriteTime="134078511129565022"
    Private="false" />
  <Object
    Path="C:\Users\student\Documents\Noecker\Riesenrad_Noecker\Logical\mappView\Visualization\Variables\Package.pkg"
    LogicalPath="mappView.Visualization.Variables"
    Type="Package"
    LastWriteTime="134073283128372918" />
  <Object
    Path="C:\Users\student\Documents\Noecker\Riesenrad_Noecker\Logical\mappView\Visualization\Expressions\Package.pkg"
    LogicalPath="mappView.Visualization.Expressions"
    Type="Package"
    LastWriteTime="134073283128391592" />
  <Object
    Path="C:\Users\student\Documents\Noecker\Riesenrad_Noecker\Logical\mappView\Visualization\Layouts\Package.pkg"
    LogicalPath="mappView.Visualization.Layouts"
    Type="Package"
    LastWriteTime="134073284377667491" />
  <Object
    Path="C:\Users\student\Documents\Noecker\Riesenrad_Noecker\Logical\mappView\Visualization\Layouts\Layout.layout"
    LogicalPath="mappView.Visualization.Layouts.Layout.layout"
    Type="File"
    LastWriteTime="134074980889217720"
    Private="false" />
  <Object
    Path="C:\Users\student\Documents\Noecker\Riesenrad_Noecker\Logical\mappView\Visualization\Dialogs\Package.pkg"
    LogicalPath="mappView.Visualization.Dialogs"
    Type="Package"
    LastWriteTime="134073283128447869" />
  <Object
    Path="C:\Users\student\Documents\Noecker\Riesenrad_Noecker\Logical\mappView\Visualization\Dialogs\AreaContents\Package.pkg"
    LogicalPath="mappView.Visualization.Dialogs.AreaContents"
    Type="Package"
    LastWriteTime="134073283128447869" />
  <Object
    Path="C:\Users\student\Documents\Noecker\Riesenrad_Noecker\Logical\mappView\Visualization\Resources\Package.pkg"
    LogicalPath="mappView.Visualization.Resources"
    Type="Package"
    LastWriteTime="134073283128496230" />
  <Object
    Path="C:\Users\student\Documents\Noecker\Riesenrad_Noecker\Logical\mappView\Visualization\Resources\Texts\Package.pkg"
    LogicalPath="mappView.Visualization.Resources.Texts"
    Type="Package"
    LastWriteTime="134073283128479942" />
  <Object
    Path="C:\Users\student\Documents\Noecker\Riesenrad_Noecker\Logical\mappView\Visualization\Resources\Snippets\Package.pkg"
    LogicalPath="mappView.Visualization.Resources.Snippets"
    Type="Package"
    LastWriteTime="134073283128496230" />
  <Object
    Path="C:\Users\student\Documents\Noecker\Riesenrad_Noecker\Physical\Config1\Config.pkg"
    LogicalPath="Config1"
    Type="Configuration.ParentUnknown"
    LastWriteTime="134073268929085323" />
  <Object
    Path="C:\Users\student\Documents\Noecker\Riesenrad_Noecker\Physical\Config1\Hardware.hw"
    LogicalPath="Config1.Hardware.hw"
    Type="File"
    LastWriteTime="134075012194637684"
    Private="false" />
  <Object
    Path="C:\Users\student\Documents\Noecker\Riesenrad_Noecker\Physical\Config1\Hardware.hwl"
    LogicalPath="Config1.Hardware.hwl"
    Type="File"
    LastWriteTime="134073274684293617"
    Private="false" />
  <Object
    Path="C:\Users\student\Documents\Noecker\Riesenrad_Noecker\Physical\Config1\X20CP1382\Cpu.pkg"
    LogicalPath="Config1.X20CP1382"
    Type="Cpu"
    LastWriteTime="134079602353114945" />
  <Object
    Path="C:\Users\student\Documents\Noecker\Riesenrad_Noecker\Physical\Config1\X20CP1382\Cpu.sw"
    LogicalPath="Config1.X20CP1382.Cpu.sw"
    Type="File"
    LastWriteTime="134073289240848568"
    Private="false" />
  <Object
    Path="C:\Users\student\Documents\Noecker\Riesenrad_Noecker\Physical\Config1\X20CP1382\Cpu.per"
    LogicalPath="Config1.X20CP1382.Cpu.per"
    Type="File"
    LastWriteTime="134073268929304022"
    Private="false" />
  <Object
    Path="C:\Users\student\Documents\Noecker\Riesenrad_Noecker\Physical\Config1\X20CP1382\IoMap.iom"
    LogicalPath="Config1.X20CP1382.IoMap.iom"
    Type="File"
    LastWriteTime="134079565527312862"
    Private="false" />
  <Object
    Path="C:\Users\student\Documents\Noecker\Riesenrad_Noecker\Physical\Config1\X20CP1382\PvMap.vvm"
    LogicalPath="Config1.X20CP1382.PvMap.vvm"
    Type="File"
    LastWriteTime="134073268929596638"
    Private="false" />
  <Object
    Path="C:\Users\student\Documents\Noecker\Riesenrad_Noecker\Physical\Config1\X20CP1382\Connectivity\Package.pkg"
    LogicalPath="Config1.X20CP1382.Connectivity"
    Type="Package"
    LastWriteTime="134073268931397219" />
  <Object
    Path="C:\Users\student\Documents\Noecker\Riesenrad_Noecker\Physical\Config1\X20CP1382\Connectivity\OpcUA\Package.pkg"
    LogicalPath="Config1.X20CP1382.Connectivity.OpcUA"
    Type="Package"
    LastWriteTime="134073291741344671" />
  <Object
    Path="C:\Users\student\Documents\Noecker\Riesenrad_Noecker\Physical\Config1\X20CP1382\Connectivity\OpcUA\OpcUaMap.uad"
    LogicalPath="Config1.X20CP1382.Connectivity.OpcUA.OpcUaMap.uad"
    Type="File"
    LastWriteTime="134079603400716071"
    Private="false" />
  <Object
    Path="C:\Users\student\Documents\Noecker\Riesenrad_Noecker\Physical\Config1\X20CP1382\TextSystem\Package.pkg"
    LogicalPath="Config1.X20CP1382.TextSystem"
    Type="Package"
    LastWriteTime="134073268932361140" />
  <Object
    Path="C:\Users\student\Documents\Noecker\Riesenrad_Noecker\Physical\Config1\X20CP1382\UnitSystem\Package.pkg"
    LogicalPath="Config1.X20CP1382.UnitSystem"
    Type="Package"
    LastWriteTime="134073268932391473" />
  <Object
    Path="C:\Users\student\Documents\Noecker\Riesenrad_Noecker\Physical\Config1\X20CP1382\AccessAndSecurity\Package.pkg"
    LogicalPath="Config1.X20CP1382.AccessAndSecurity"
    Type="Package"
    LastWriteTime="134073268929777871" />
  <Object
    Path="C:\Users\student\Documents\Noecker\Riesenrad_Noecker\Physical\Config1\X20CP1382\AccessAndSecurity\UserRoleSystem\Package.pkg"
    LogicalPath="Config1.X20CP1382.AccessAndSecurity.UserRoleSystem"
    Type="Package"
    LastWriteTime="134073268930990912" />
  <Object
    Path="C:\Users\student\Documents\Noecker\Riesenrad_Noecker\Physical\Config1\X20CP1382\AccessAndSecurity\UserRoleSystem\Role.role"
    LogicalPath="Config1.X20CP1382.AccessAndSecurity.UserRoleSystem.Role.role"
    Type="File"
    LastWriteTime="134073268931173609"
    Private="false" />
  <Object
    Path="C:\Users\student\Documents\Noecker\Riesenrad_Noecker\Physical\Config1\X20CP1382\AccessAndSecurity\UserRoleSystem\User.user"
    LogicalPath="Config1.X20CP1382.AccessAndSecurity.UserRoleSystem.User.user"
    Type="File"
    LastWriteTime="134073268931270598"
    Private="false" />
  <Object
    Path="C:\Users\student\Documents\Noecker\Riesenrad_Noecker\Physical\Config1\X20CP1382\AccessAndSecurity\CertificateStore\Package.pkg"
    LogicalPath="Config1.X20CP1382.AccessAndSecurity.CertificateStore"
    Type="Package"
    LastWriteTime="134073268929884289" />
  <Object
    Path="C:\Users\student\Documents\Noecker\Riesenrad_Noecker\Physical\Config1\X20CP1382\AccessAndSecurity\CertificateStore\OwnCertificates\Package.pkg"
    LogicalPath="Config1.X20CP1382.AccessAndSecurity.CertificateStore.OwnCertificates"
    Type="Package"
    LastWriteTime="134073268930202382" />
  <Object
    Path="C:\Users\student\Documents\Noecker\Riesenrad_Noecker\Physical\Config1\X20CP1382\AccessAndSecurity\CertificateStore\OwnCertificates\Certificates\Package.pkg"
    LogicalPath="Config1.X20CP1382.AccessAndSecurity.CertificateStore.OwnCertificates.Certificates"
    Type="Package"
    LastWriteTime="134073268930327140" />
  <Object
    Path="C:\Users\student\Documents\Noecker\Riesenrad_Noecker\Physical\Config1\X20CP1382\AccessAndSecurity\CertificateStore\OwnCertificates\PrivateKeys\Package.pkg"
    LogicalPath="Config1.X20CP1382.AccessAndSecurity.CertificateStore.OwnCertificates.PrivateKeys"
    Type="Package"
    LastWriteTime="134073268930466698" />
  <Object
    Path="C:\Users\student\Documents\Noecker\Riesenrad_Noecker\Physical\Config1\X20CP1382\AccessAndSecurity\CertificateStore\ThirdPartyCertificates\Package.pkg"
    LogicalPath="Config1.X20CP1382.AccessAndSecurity.CertificateStore.ThirdPartyCertificates"
    Type="Package"
    LastWriteTime="134073268930562452" />
  <Object
    Path="C:\Users\student\Documents\Noecker\Riesenrad_Noecker\Physical\Config1\X20CP1382\AccessAndSecurity\CertificateStore\ThirdPartyCertificates\SoftwareCertificates\Package.pkg"
    LogicalPath="Config1.X20CP1382.AccessAndSecurity.CertificateStore.ThirdPartyCertificates.SoftwareCertificates"
    Type="Package"
    LastWriteTime="134073268930681455" />
  <Object
    Path="C:\Users\student\Documents\Noecker\Riesenrad_Noecker\Physical\Config1\X20CP1382\AccessAndSecurity\CertificateStore\CertificateRevocationLists\Package.pkg"
    LogicalPath="Config1.X20CP1382.AccessAndSecurity.CertificateStore.CertificateRevocationLists"
    Type="Package"
    LastWriteTime="134073268929985838" />
  <Object
    Path="C:\Users\student\Documents\Noecker\Riesenrad_Noecker\Physical\Config1\X20CP1382\AccessAndSecurity\CertificateStore\CertificateSigningRequests\Package.pkg"
    LogicalPath="Config1.X20CP1382.AccessAndSecurity.CertificateStore.CertificateSigningRequests"
    Type="Package"
    LastWriteTime="134073268930075270" />
  <Object
    Path="C:\Users\student\Documents\Noecker\Riesenrad_Noecker\Physical\Config1\X20CP1382\AccessAndSecurity\TransportLayerSecurity\Package.pkg"
    LogicalPath="Config1.X20CP1382.AccessAndSecurity.TransportLayerSecurity"
    Type="Package"
    LastWriteTime="134073268930945818" />
  <Object
    Path="C:\Users\student\Documents\Noecker\Riesenrad_Noecker\Physical\Config1\X20CP1382\AccessAndSecurity\Firewall\Package.pkg"
    LogicalPath="Config1.X20CP1382.AccessAndSecurity.Firewall"
    Type="Package"
    LastWriteTime="134073268930774150" />
  <Object
    Path="C:\Users\student\Documents\Noecker\Riesenrad_Noecker\Physical\Config1\X20CP1382\AccessAndSecurity\Firewall\Rules.firewallRules"
    LogicalPath="Config1.X20CP1382.AccessAndSecurity.Firewall.Rules.firewallRules"
    Type="File"
    LastWriteTime="134073268930845192"
    Private="false" />
  <Object
    Path="C:\Users\student\Documents\Noecker\Riesenrad_Noecker\Physical\Config1\X20CP1382\mappControl\Package.pkg"
    LogicalPath="Config1.X20CP1382.mappControl"
    Type="Package"
    LastWriteTime="134073268931693396" />
  <Object
    Path="C:\Users\student\Documents\Noecker\Riesenrad_Noecker\Physical\Config1\X20CP1382\mappMotion\Package.pkg"
    LogicalPath="Config1.X20CP1382.mappMotion"
    Type="Package"
    LastWriteTime="134073268931760038" />
  <Object
    Path="C:\Users\student\Documents\Noecker\Riesenrad_Noecker\Physical\Config1\X20CP1382\mappServices\Package.pkg"
    LogicalPath="Config1.X20CP1382.mappServices"
    Type="Package"
    LastWriteTime="134073268932078867" />
  <Object
    Path="C:\Users\student\Documents\Noecker\Riesenrad_Noecker\Physical\Config1\X20CP1382\mappSafety\Package.pkg"
    LogicalPath="Config1.X20CP1382.mappSafety"
    Type="Package"
    LastWriteTime="134073268931840725" />
  <Object
    Path="C:\Users\student\Documents\Noecker\Riesenrad_Noecker\Physical\Config1\X20CP1382\mappSafety\SafeApplication\Package.pkg"
    LogicalPath="Config1.X20CP1382.mappSafety.SafeApplication"
    Type="Package"
    LastWriteTime="134073268931924628" />
  <Object
    Path="C:\Users\student\Documents\Noecker\Riesenrad_Noecker\Physical\Config1\X20CP1382\mappSafety\SafeCommissioning\Package.pkg"
    LogicalPath="Config1.X20CP1382.mappSafety.SafeCommissioning"
    Type="Package"
    LastWriteTime="134073268932011343" />
  <Object
    Path="C:\Users\student\Documents\Noecker\Riesenrad_Noecker\Physical\Config1\X20CP1382\mappView\Package.pkg"
    LogicalPath="Config1.X20CP1382.mappView"
    Type="Package"
    LastWriteTime="134074992947861704" />
  <Object
    Path="C:\Users\student\Documents\Noecker\Riesenrad_Noecker\Physical\Config1\X20CP1382\mappView\GondelPage.binding"
    LogicalPath="Config1.X20CP1382.mappView.GondelPage.binding"
    Type="File"
    LastWriteTime="134074086313772027"
    Private="false" />
  <Object
    Path="C:\Users\student\Documents\Noecker\Riesenrad_Noecker\Physical\Config1\X20CP1382\mappView\Lights.binding"
    LogicalPath="Config1.X20CP1382.mappView.Lights.binding"
    Type="File"
    LastWriteTime="134074118026068697"
    Private="false" />
  <Object
    Path="C:\Users\student\Documents\Noecker\Riesenrad_Noecker\Physical\Config1\X20CP1382\mappView\HandCentent.binding"
    LogicalPath="Config1.X20CP1382.mappView.HandCentent.binding"
    Type="File"
    LastWriteTime="134074103957920854"
    Private="false" />
  <Object
    Path="C:\Users\student\Documents\Noecker\Riesenrad_Noecker\Physical\Config1\X20CP1382\mappView\Config.mappviewcfg"
    LogicalPath="Config1.X20CP1382.mappView.Config.mappviewcfg"
    Type="File"
    LastWriteTime="134074081964390382"
    Private="false" />
  <Object
    Path="C:\Users\student\Documents\Noecker\Riesenrad_Noecker\Physical\Config1\X20CP1382\mappView\Visualizat.vis"
    LogicalPath="Config1.X20CP1382.mappView.Visualizat.vis"
    Type="File"
    LastWriteTime="134079601965904397"
    Private="false" />
  <Object
    Path="C:\Users\student\Documents\Noecker\Riesenrad_Noecker\Physical\Config1\X20CP1382\mappView\AutoContent.binding"
    LogicalPath="Config1.X20CP1382.mappView.AutoContent.binding"
    Type="File"
    LastWriteTime="134079596115179881"
    Private="false" />
  <Object
    Path="C:\Users\student\Documents\Noecker\Riesenrad_Noecker\Physical\Config1\X20CP1382\mappView\GondelContent.binding"
    LogicalPath="Config1.X20CP1382.mappView.GondelContent.binding"
    Type="File"
    LastWriteTime="134079600854352903"
    Private="false" />
  <Object
    Path="C:\Users\student\Documents\Noecker\Riesenrad_Noecker\Physical\Config1\X20CP1382\mappView\LightsContent.binding"
    LogicalPath="Config1.X20CP1382.mappView.LightsContent.binding"
    Type="File"
    LastWriteTime="134079580837233845"
    Private="false" />
  <Object
    Path="C:\Users\student\Documents\Noecker\Riesenrad_Noecker\Physical\Config1\X20CP1382\mappView\SateyContent.binding"
    LogicalPath="Config1.X20CP1382.mappView.SateyContent.binding"
    Type="File"
    LastWriteTime="134075001103006652"
    Private="false" />
  <Object
    Path="C:\Users\student\Documents\Noecker\Riesenrad_Noecker\Physical\Config1\X20CP1382\mappView\ManualContent.binding"
    LogicalPath="Config1.X20CP1382.mappView.ManualContent.binding"
    Type="File"
    LastWriteTime="134078488571023399"
    Private="false" />
  <Object
    Path="C:\Users\student\Documents\Noecker\Riesenrad_Noecker\Physical\Config1\X20CP1382\mappVision\Package.pkg"
    LogicalPath="Config1.X20CP1382.mappVision"
    Type="Package"
    LastWriteTime="134073268932257494" />
  <Object
    Path="C:\Users\student\Documents\Noecker\Riesenrad_Noecker\Physical\Config1\X20CP1382\mappCockpit\Package.pkg"
    LogicalPath="Config1.X20CP1382.mappCockpit"
    Type="Package"
    LastWriteTime="134073268931608974" />
  <Object
    Path="C:\Users\student\Documents\Noecker\Riesenrad_Noecker\Physical\Config1\X20CP1382\DTM\Package.pkg"
    LogicalPath="Config1.X20CP1382.DTM"
    Type="Package"
    LastWriteTime="134073271741297120" />
  <Object
    Path="C:\Users\student\Documents\Noecker\Riesenrad_Noecker\Physical\Config1\X20CP1382\DTM\X20IF10A1_1\Package.pkg"
    LogicalPath="Config1.X20CP1382.DTM.X20IF10A1_1"
    Type="Package"
    LastWriteTime="134073272276709373" />
  <Object
    Path="C:\Users\student\Documents\Noecker\Riesenrad_Noecker\Physical\Config1\X20CP1382\DTM\X20IF10A1_1\X20IF10A1_1.dtm"
    LogicalPath="Config1.X20CP1382.DTM.X20IF10A1_1.X20IF10A1_1.dtm"
    Type="File"
    LastWriteTime="134073274617016294"
    Private="false" />
  <Object
    Path="C:\Users\student\Documents\Noecker\Riesenrad_Noecker\Physical\Config1\X20CP1382\DTM\X20IF10A1_1\X20IF10A1_1_IF1\Package.pkg"
    LogicalPath="Config1.X20CP1382.DTM.X20IF10A1_1.X20IF10A1_1_IF1"
    Type="Package"
    LastWriteTime="134073270519642371" />
  <Object
    Path="C:\Users\student\Documents\Noecker\Riesenrad_Noecker\Physical\Config1\X20CP1382\DTM\X20IF10A1_1\X20IF10A1_1_IF1\X20IF10A1_1_IF1.dtmdre"
    LogicalPath="Config1.X20CP1382.DTM.X20IF10A1_1.X20IF10A1_1_IF1.X20IF10A1_1_IF1.dtmdre"
    Type="File"
    LastWriteTime="134073274604793972"
    Private="false" />
  <Object
    Path="C:\Users\student\Documents\Noecker\Riesenrad_Noecker\Physical\Config1\X20CP1382\DTM\X20IF10A1_1\X20IF10A1_1_IF1\X20IF10A1_1_IF1.dtmdra"
    LogicalPath="Config1.X20CP1382.DTM.X20IF10A1_1.X20IF10A1_1_IF1.X20IF10A1_1_IF1.dtmdra"
    Type="File"
    LastWriteTime="134073270517639078"
    Private="false" />
  <Object
    Path="C:\Users\student\Documents\Noecker\Riesenrad_Noecker\Physical\Config1\X20CP1382\DTM\X20IF10A1_1\X20IF10A1_1_IF1\X20IF10A1_1_IF1.dtmtre"
    LogicalPath="Config1.X20CP1382.DTM.X20IF10A1_1.X20IF10A1_1_IF1.X20IF10A1_1_IF1.dtmtre"
    Type="File"
    LastWriteTime="134073272278118148"
    Private="false" />
  <Object
    Path="C:\Users\student\Documents\Noecker\Riesenrad_Noecker\Physical\Config1\X20CP1382\DTM\X20IF10A1_1\X20IF10A1_1_IF1\X20IF10A1_1_IF1.dtmdri"
    LogicalPath="Config1.X20CP1382.DTM.X20IF10A1_1.X20IF10A1_1_IF1.X20IF10A1_1_IF1.dtmdri"
    Type="File"
    LastWriteTime="134073274604793972"
    Private="false" />
  <Object
    Path="C:\Users\student\Documents\Noecker\Riesenrad_Noecker\Physical\Config1\X20CP1382\DTM\X20IF10A1_1\S_7_5__Combi_field_device\Package.pkg"
    LogicalPath="Config1.X20CP1382.DTM.X20IF10A1_1.S_7_5__Combi_field_device"
    Type="Package"
    LastWriteTime="134073273686269461" />
  <Object
    Path="C:\Users\student\Documents\Noecker\Riesenrad_Noecker\Physical\Config1\X20CP1382\DTM\X20IF10A1_1\S_7_5__Combi_field_device\S_7_5__Combi_field_device.dtmdre"
    LogicalPath="Config1.X20CP1382.DTM.X20IF10A1_1.S_7_5__Combi_field_device.S_7_5__Combi_field_device.dtmdre"
    Type="File"
    LastWriteTime="134073273686735329"
    Private="false" />
  <Object
    Path="C:\Users\student\Documents\Noecker\Riesenrad_Noecker\Physical\Config1\X20CP1382\DTM\X20IF10A1_1\S_7_5__Combi_field_device\S_7_5__Combi_field_device.dtmtre"
    LogicalPath="Config1.X20CP1382.DTM.X20IF10A1_1.S_7_5__Combi_field_device.S_7_5__Combi_field_device.dtmtre"
    Type="File"
    LastWriteTime="134073271197500274"
    Private="false" />
  <Object
    Path="C:\Users\student\Documents\Noecker\Riesenrad_Noecker\Physical\Config1\X20CP1382\DTM\X20IF10A1_1\S_7_5__Combi_field_device\S_7_5__Combi_field_device.dtmdri"
    LogicalPath="Config1.X20CP1382.DTM.X20IF10A1_1.S_7_5__Combi_field_device.S_7_5__Combi_field_device.dtmdri"
    Type="File"
    LastWriteTime="134073273686483593"
    Private="false" />
  <Object
    Path="C:\Users\student\Documents\Noecker\Riesenrad_Noecker\Physical\Config1\X20CP1382\DTM\X20IF10A1_1\S_0_0__Remote_I_O_Port\Package.pkg"
    LogicalPath="Config1.X20CP1382.DTM.X20IF10A1_1.S_0_0__Remote_I_O_Port"
    Type="Package"
    LastWriteTime="134073271329120447" />
  <Object
    Path="C:\Users\student\Documents\Noecker\Riesenrad_Noecker\Physical\Config1\X20CP1382\DTM\X20IF10A1_1\S_0_0__Remote_I_O_Port\S_0_0__Remote_I_O_Port.dtmdre"
    LogicalPath="Config1.X20CP1382.DTM.X20IF10A1_1.S_0_0__Remote_I_O_Port.S_0_0__Remote_I_O_Port.dtmdre"
    Type="File"
    LastWriteTime="134073273961217202"
    Private="false" />
  <Object
    Path="C:\Users\student\Documents\Noecker\Riesenrad_Noecker\Physical\Config1\X20CP1382\DTM\X20IF10A1_1\S_0_0__Remote_I_O_Port\S_0_0__Remote_I_O_Port.dtmtre"
    LogicalPath="Config1.X20CP1382.DTM.X20IF10A1_1.S_0_0__Remote_I_O_Port.S_0_0__Remote_I_O_Port.dtmtre"
    Type="File"
    LastWriteTime="134073271328714367"
    Private="false" />
  <Object
    Path="C:\Users\student\Documents\Noecker\Riesenrad_Noecker\Physical\Config1\X20CP1382\DTM\X20IF10A1_1\S_0_0__Remote_I_O_Port\S_0_0__Remote_I_O_Port.dtmdri"
    LogicalPath="Config1.X20CP1382.DTM.X20IF10A1_1.S_0_0__Remote_I_O_Port.S_0_0__Remote_I_O_Port.dtmdri"
    Type="File"
    LastWriteTime="134073273961217202"
    Private="false" />
  <Object
    Path="C:\Users\student\Documents\Noecker\Riesenrad_Noecker\Physical\Config1\X20CP1382\DTM\X20IF10A1_1\S_8_F__No_Profile\Package.pkg"
    LogicalPath="Config1.X20CP1382.DTM.X20IF10A1_1.S_8_F__No_Profile"
    Type="Package"
    LastWriteTime="134073271435865422" />
  <Object
    Path="C:\Users\student\Documents\Noecker\Riesenrad_Noecker\Physical\Config1\X20CP1382\DTM\X20IF10A1_1\S_8_F__No_Profile\S_8_F__No_Profile.dtmdre"
    LogicalPath="Config1.X20CP1382.DTM.X20IF10A1_1.S_8_F__No_Profile.S_8_F__No_Profile.dtmdre"
    Type="File"
    LastWriteTime="134073273693301008"
    Private="false" />
  <Object
    Path="C:\Users\student\Documents\Noecker\Riesenrad_Noecker\Physical\Config1\X20CP1382\DTM\X20IF10A1_1\S_8_F__No_Profile\S_8_F__No_Profile.dtmtre"
    LogicalPath="Config1.X20CP1382.DTM.X20IF10A1_1.S_8_F__No_Profile.S_8_F__No_Profile.dtmtre"
    Type="File"
    LastWriteTime="134073271435397638"
    Private="false" />
  <Object
    Path="C:\Users\student\Documents\Noecker\Riesenrad_Noecker\Physical\Config1\X20CP1382\DTM\X20IF10A1_1\S_8_F__No_Profile\S_8_F__No_Profile.dtmdri"
    LogicalPath="Config1.X20CP1382.DTM.X20IF10A1_1.S_8_F__No_Profile.S_8_F__No_Profile.dtmdri"
    Type="File"
    LastWriteTime="134073273692984150"
    Private="false" />
  <Object
    Path="C:\Users\student\Documents\Noecker\Riesenrad_Noecker\Physical\Config1\X20CP1382\DTM\X20IF10A1_1\S_1_1__Single_Sensor__ext__contrl__\Package.pkg"
    LogicalPath="Config1.X20CP1382.DTM.X20IF10A1_1.S_1_1__Single_Sensor__ext__contrl__"
    Type="Package"
    LastWriteTime="134073271712814704" />
  <Object
    Path="C:\Users\student\Documents\Noecker\Riesenrad_Noecker\Physical\Config1\X20CP1382\DTM\X20IF10A1_1\S_1_1__Single_Sensor__ext__contrl__\S_1_1__Single_Sensor__ext__contrl__.dtmdre"
    LogicalPath="Config1.X20CP1382.DTM.X20IF10A1_1.S_1_1__Single_Sensor__ext__contrl__.S_1_1__Single_Sensor__ext__contrl__.dtmdre"
    Type="File"
    LastWriteTime="134073273696594587"
    Private="false" />
  <Object
    Path="C:\Users\student\Documents\Noecker\Riesenrad_Noecker\Physical\Config1\X20CP1382\DTM\X20IF10A1_1\S_1_1__Single_Sensor__ext__contrl__\S_1_1__Single_Sensor__ext__contrl__.dtmtre"
    LogicalPath="Config1.X20CP1382.DTM.X20IF10A1_1.S_1_1__Single_Sensor__ext__contrl__.S_1_1__Single_Sensor__ext__contrl__.dtmtre"
    Type="File"
    LastWriteTime="134073271712327380"
    Private="false" />
  <Object
    Path="C:\Users\student\Documents\Noecker\Riesenrad_Noecker\Physical\Config1\X20CP1382\DTM\X20IF10A1_1\S_1_1__Single_Sensor__ext__contrl__\S_1_1__Single_Sensor__ext__contrl__.dtmdri"
    LogicalPath="Config1.X20CP1382.DTM.X20IF10A1_1.S_1_1__Single_Sensor__ext__contrl__.S_1_1__Single_Sensor__ext__contrl__.dtmdri"
    Type="File"
    LastWriteTime="134073273696284204"
    Private="false" />
  <Object
    Path="C:\Users\student\Documents\Noecker\Riesenrad_Noecker\Physical\Config1\X20CP1382\DTM\X20IF10A1_1\S_D_1__Single_Actuator_with_Monitoring\Package.pkg"
    LogicalPath="Config1.X20CP1382.DTM.X20IF10A1_1.S_D_1__Single_Actuator_with_Monitoring"
    Type="Package"
    LastWriteTime="134073271743731973" />
  <Object
    Path="C:\Users\student\Documents\Noecker\Riesenrad_Noecker\Physical\Config1\X20CP1382\DTM\X20IF10A1_1\S_D_1__Single_Actuator_with_Monitoring\S_D_1__Single_Actuator_with_Monitoring.dtmdre"
    LogicalPath="Config1.X20CP1382.DTM.X20IF10A1_1.S_D_1__Single_Actuator_with_Monitoring.S_D_1__Single_Actuator_with_Monitoring.dtmdre"
    Type="File"
    LastWriteTime="134073273699411763"
    Private="false" />
  <Object
    Path="C:\Users\student\Documents\Noecker\Riesenrad_Noecker\Physical\Config1\X20CP1382\DTM\X20IF10A1_1\S_D_1__Single_Actuator_with_Monitoring\S_D_1__Single_Actuator_with_Monitoring.dtmtre"
    LogicalPath="Config1.X20CP1382.DTM.X20IF10A1_1.S_D_1__Single_Actuator_with_Monitoring.S_D_1__Single_Actuator_with_Monitoring.dtmtre"
    Type="File"
    LastWriteTime="134073271743334035"
    Private="false" />
  <Object
    Path="C:\Users\student\Documents\Noecker\Riesenrad_Noecker\Physical\Config1\X20CP1382\DTM\X20IF10A1_1\S_D_1__Single_Actuator_with_Monitoring\S_D_1__Single_Actuator_with_Monitoring.dtmdri"
    LogicalPath="Config1.X20CP1382.DTM.X20IF10A1_1.S_D_1__Single_Actuator_with_Monitoring.S_D_1__Single_Actuator_with_Monitoring.dtmdri"
    Type="File"
    LastWriteTime="134073273699255389"
    Private="false" />
  <Object
    Path="C:\Users\student\Documents\Noecker\Riesenrad_Noecker\Physical\Config1\X20CP1382\DTM\X20IF10A1_1\S_7_4__Interface_for_16_bit_Signals\Package.pkg"
    LogicalPath="Config1.X20CP1382.DTM.X20IF10A1_1.S_7_4__Interface_for_16_bit_Signals"
    Type="Package"
    LastWriteTime="134073271854988625" />
  <Object
    Path="C:\Users\student\Documents\Noecker\Riesenrad_Noecker\Physical\Config1\X20CP1382\DTM\X20IF10A1_1\S_7_4__Interface_for_16_bit_Signals\S_7_4__Interface_for_16_bit_Signals.dtmdre"
    LogicalPath="Config1.X20CP1382.DTM.X20IF10A1_1.S_7_4__Interface_for_16_bit_Signals.S_7_4__Interface_for_16_bit_Signals.dtmdre"
    Type="File"
    LastWriteTime="134073274416536267"
    Private="false" />
  <Object
    Path="C:\Users\student\Documents\Noecker\Riesenrad_Noecker\Physical\Config1\X20CP1382\DTM\X20IF10A1_1\S_7_4__Interface_for_16_bit_Signals\S_7_4__Interface_for_16_bit_Signals.dtmtre"
    LogicalPath="Config1.X20CP1382.DTM.X20IF10A1_1.S_7_4__Interface_for_16_bit_Signals.S_7_4__Interface_for_16_bit_Signals.dtmtre"
    Type="File"
    LastWriteTime="134073271854832424"
    Private="false" />
  <Object
    Path="C:\Users\student\Documents\Noecker\Riesenrad_Noecker\Physical\Config1\X20CP1382\DTM\X20IF10A1_1\S_7_4__Interface_for_16_bit_Signals\S_7_4__Interface_for_16_bit_Signals.dtmdri"
    LogicalPath="Config1.X20CP1382.DTM.X20IF10A1_1.S_7_4__Interface_for_16_bit_Signals.S_7_4__Interface_for_16_bit_Signals.dtmdri"
    Type="File"
    LastWriteTime="134073274416380048"
    Private="false" />
  <Object
    Path="C:\Users\student\Documents\Noecker\Riesenrad_Noecker\Physical\Config1\X20CP1382\DTM\X20IF10A1_1\S_7_A__Extended_Addressing_Mode\Package.pkg"
    LogicalPath="Config1.X20CP1382.DTM.X20IF10A1_1.S_7_A__Extended_Addressing_Mode"
    Type="Package"
    LastWriteTime="134073272073857046" />
  <Object
    Path="C:\Users\student\Documents\Noecker\Riesenrad_Noecker\Physical\Config1\X20CP1382\DTM\X20IF10A1_1\S_7_A__Extended_Addressing_Mode\S_7_A__Extended_Addressing_Mode.dtmdre"
    LogicalPath="Config1.X20CP1382.DTM.X20IF10A1_1.S_7_A__Extended_Addressing_Mode.S_7_A__Extended_Addressing_Mode.dtmdre"
    Type="File"
    LastWriteTime="134073274520415438"
    Private="false" />
  <Object
    Path="C:\Users\student\Documents\Noecker\Riesenrad_Noecker\Physical\Config1\X20CP1382\DTM\X20IF10A1_1\S_7_A__Extended_Addressing_Mode\S_7_A__Extended_Addressing_Mode.dtmtre"
    LogicalPath="Config1.X20CP1382.DTM.X20IF10A1_1.S_7_A__Extended_Addressing_Mode.S_7_A__Extended_Addressing_Mode.dtmtre"
    Type="File"
    LastWriteTime="134073272073570833"
    Private="false" />
  <Object
    Path="C:\Users\student\Documents\Noecker\Riesenrad_Noecker\Physical\Config1\X20CP1382\DTM\X20IF10A1_1\S_7_A__Extended_Addressing_Mode\S_7_A__Extended_Addressing_Mode.dtmdri"
    LogicalPath="Config1.X20CP1382.DTM.X20IF10A1_1.S_7_A__Extended_Addressing_Mode.S_7_A__Extended_Addressing_Mode.dtmdri"
    Type="File"
    LastWriteTime="134073274520415438"
    Private="false" />
  <Object
    Path="C:\Users\student\Documents\Noecker\Riesenrad_Noecker\Physical\Config1\X20CP1382\DTM\X20IF10A1_1\S_7_B__Safety_Slave\Package.pkg"
    LogicalPath="Config1.X20CP1382.DTM.X20IF10A1_1.S_7_B__Safety_Slave"
    Type="Package"
    LastWriteTime="134073272173017487" />
  <Object
    Path="C:\Users\student\Documents\Noecker\Riesenrad_Noecker\Physical\Config1\X20CP1382\DTM\X20IF10A1_1\S_7_B__Safety_Slave\S_7_B__Safety_Slave.dtmdre"
    LogicalPath="Config1.X20CP1382.DTM.X20IF10A1_1.S_7_B__Safety_Slave.S_7_B__Safety_Slave.dtmdre"
    Type="File"
    LastWriteTime="134073274604515060"
    Private="false" />
  <Object
    Path="C:\Users\student\Documents\Noecker\Riesenrad_Noecker\Physical\Config1\X20CP1382\DTM\X20IF10A1_1\S_7_B__Safety_Slave\S_7_B__Safety_Slave.dtmtre"
    LogicalPath="Config1.X20CP1382.DTM.X20IF10A1_1.S_7_B__Safety_Slave.S_7_B__Safety_Slave.dtmtre"
    Type="File"
    LastWriteTime="134073272172704857"
    Private="false" />
  <Object
    Path="C:\Users\student\Documents\Noecker\Riesenrad_Noecker\Physical\Config1\X20CP1382\DTM\X20IF10A1_1\S_7_B__Safety_Slave\S_7_B__Safety_Slave.dtmdri"
    LogicalPath="Config1.X20CP1382.DTM.X20IF10A1_1.S_7_B__Safety_Slave.S_7_B__Safety_Slave.dtmdri"
    Type="File"
    LastWriteTime="134073274604320835"
    Private="false" />
  <Object
    Path="C:\Users\student\Documents\Noecker\Riesenrad_Noecker\Physical\Config1\X20CP1382\DTM\X20IF10A1_1\S_0_B__Safety_Slave\Package.pkg"
    LogicalPath="Config1.X20CP1382.DTM.X20IF10A1_1.S_0_B__Safety_Slave"
    Type="Package"
    LastWriteTime="134073272278434538" />
  <Object
    Path="C:\Users\student\Documents\Noecker\Riesenrad_Noecker\Physical\Config1\X20CP1382\DTM\X20IF10A1_1\S_0_B__Safety_Slave\S_0_B__Safety_Slave.dtmdre"
    LogicalPath="Config1.X20CP1382.DTM.X20IF10A1_1.S_0_B__Safety_Slave.S_0_B__Safety_Slave.dtmdre"
    Type="File"
    LastWriteTime="134073273711630568"
    Private="false" />
  <Object
    Path="C:\Users\student\Documents\Noecker\Riesenrad_Noecker\Physical\Config1\X20CP1382\DTM\X20IF10A1_1\S_0_B__Safety_Slave\S_0_B__Safety_Slave.dtmtre"
    LogicalPath="Config1.X20CP1382.DTM.X20IF10A1_1.S_0_B__Safety_Slave.S_0_B__Safety_Slave.dtmtre"
    Type="File"
    LastWriteTime="134073272278118148"
    Private="false" />
  <Object
    Path="C:\Users\student\Documents\Noecker\Riesenrad_Noecker\Physical\Config1\X20CP1382\DTM\X20IF10A1_1\S_0_B__Safety_Slave\S_0_B__Safety_Slave.dtmdri"
    LogicalPath="Config1.X20CP1382.DTM.X20IF10A1_1.S_0_B__Safety_Slave.S_0_B__Safety_Slave.dtmdri"
    Type="File"
    LastWriteTime="134073273711177865"
    Private="false" />
  <Object
    Path="C:\Users\student\Documents\Noecker\Riesenrad_Noecker\Physical\Config1\X20CP1382\ExternalHardware\Package.pkg"
    LogicalPath="Config1.X20CP1382.ExternalHardware"
    Type="Package"
    LastWriteTime="134073272272261481" />
  <Object
    Path="C:\Users\student\Documents\Noecker\Riesenrad_Noecker\Physical\Config1\X20CP1382\ExternalHardware\AJF79MSR.ext"
    LogicalPath="Config1.X20CP1382.ExternalHardware.AJF79MSR.ext"
    Type="File"
    LastWriteTime="131532307960000000"
    Private="false" />
  <Object
    Path="C:\Users\student\Documents\Noecker\Riesenrad_Noecker\Physical\Config1\X20CP1382\ExternalHardware\ExternalHardwareDevices.xml"
    LogicalPath="Config1.X20CP1382.ExternalHardware.ExternalHardwareDevices.xml"
    Type="File"
    LastWriteTime="134073272272271696"
    Private="false" />
  <Object
    Path="C:\Users\student\Documents\Noecker\Riesenrad_Noecker\Physical\Config1\X20CP1382\ExternalHardware\5Y3PV6HH.ext"
    LogicalPath="Config1.X20CP1382.ExternalHardware.5Y3PV6HH.ext"
    Type="File"
    LastWriteTime="131532307960000000"
    Private="false" />
  <Object
    Path="C:\Users\student\Documents\Noecker\Riesenrad_Noecker\Physical\Config1\X20CP1382\ExternalHardware\TMOA1JIY.ext"
    LogicalPath="Config1.X20CP1382.ExternalHardware.TMOA1JIY.ext"
    Type="File"
    LastWriteTime="131532307960000000"
    Private="false" />
  <Object
    Path="C:\Users\student\Documents\Noecker\Riesenrad_Noecker\Physical\Config1\X20CP1382\ExternalHardware\RQYNXWBS.ext"
    LogicalPath="Config1.X20CP1382.ExternalHardware.RQYNXWBS.ext"
    Type="File"
    LastWriteTime="131532307960000000"
    Private="false" />
  <Object
    Path="C:\Users\student\Documents\Noecker\Riesenrad_Noecker\Physical\Config1\X20CP1382\ExternalHardware\QWF666I3.ext"
    LogicalPath="Config1.X20CP1382.ExternalHardware.QWF666I3.ext"
    Type="File"
    LastWriteTime="131532307960000000"
    Private="false" />
  <Object
    Path="C:\Users\student\Documents\Noecker\Riesenrad_Noecker\Physical\Config1\X20CP1382\ExternalHardware\I3EG1OBI.ext"
    LogicalPath="Config1.X20CP1382.ExternalHardware.I3EG1OBI.ext"
    Type="File"
    LastWriteTime="131532307960000000"
    Private="false" />
  <Object
    Path="C:\Users\student\Documents\Noecker\Riesenrad_Noecker\Physical\Config1\X20CP1382\ExternalHardware\8RN7FNN0.ext"
    LogicalPath="Config1.X20CP1382.ExternalHardware.8RN7FNN0.ext"
    Type="File"
    LastWriteTime="131532307960000000"
    Private="false" />
  <Object
    Path="C:\Users\student\Documents\Noecker\Riesenrad_Noecker\Physical\Config1\X20CP1382\ExternalHardware\ARPTYF3J.ext"
    LogicalPath="Config1.X20CP1382.ExternalHardware.ARPTYF3J.ext"
    Type="File"
    LastWriteTime="131532307960000000"
    Private="false" />
  <Object
    Path="C:\Users\student\Documents\Noecker\Riesenrad_Noecker\Physical\Config1\X20CP1382\ExternalHardware\WK880KLW.ext"
    LogicalPath="Config1.X20CP1382.ExternalHardware.WK880KLW.ext"
    Type="File"
    LastWriteTime="131532307960000000"
    Private="false" />
  <Object
    Path="C:\Users\student\Documents\Noecker\Riesenrad_Noecker\Physical\Config1\Hardware.jpg"
    LogicalPath="Config1.Hardware.jpg"
    Type="File"
    LastWriteTime="134073274685546781"
    Private="false" />
</Objects>